// Jest Snapshot v1, https://goo.gl/fbAQLP

exports[`genFnJsx has the expected ouput structure 1`] = `
"import './styles.scss';

export default {
  name: 'TestComponent',

  functional: true,

  props: {},

  render({ props, listeners, data }) {
    return (
      <div class={ \`test-component \${ data.class }\` }>
        (ಠ益ಠ)
      </div>
    );
  },
};
"
`;
