// Jest Snapshot v1, https://goo.gl/fbAQLP

exports[`genFnJsx has the expected ouput structure 1`] = `
"import './styles.scss';

const TestComponent = ({ props, listeners, data }) =>
  <div class={ \`test-component \${ data.class }\` }>
    (ಠ益ಠ)
  </div>

;

TestComponent.name = 'TestComponent';

export default TestComponent;
"
`;
